// Jest Snapshot v1, https://goo.gl/fbAQLP

exports[`Box helper functions flattenBoxes should return the grid with the boxes represented as rows 1`] = `
"-------------------------------------------------------
|  9  |  1  |     ❚  2  |     |     ❚     |  8  |  7  |
-------------------------------------------------------
|  4  |     |     ❚     |     |     ❚     |  3  |  6  |
-------------------------------------------------------
|     |  3  |  7  ❚  6  |     |     ❚  1  |     |     |
=======================================================
|     |  9  |  5  ❚     |  4  |  1  ❚     |     |     |
-------------------------------------------------------
|     |     |     ❚  9  |  8  |  5  ❚     |     |     |
-------------------------------------------------------
|     |     |     ❚  3  |  6  |     ❚  4  |  9  |     |
=======================================================
|     |     |  3  ❚     |     |  9  ❚  4  |  7  |     |
-------------------------------------------------------
|  1  |  9  |     ❚     |     |     ❚     |     |  3  |
-------------------------------------------------------
|  8  |  2  |     ❚     |     |  3  ❚     |  1  |  6  |
-------------------------------------------------------"
`;

exports[`General helper functions swapXY return the grid with x and y axis swapped  1`] = `
"-------------------------------------------------------
|  9  |  2  |     ❚     |     |     ❚     |     |  4  |
-------------------------------------------------------
|  1  |     |  8  ❚  9  |  4  |     ❚     |     |  7  |
-------------------------------------------------------
|     |     |  7  ❚  5  |  1  |     ❚  3  |  9  |     |
=======================================================
|  4  |     |     ❚     |  9  |     ❚  1  |     |     |
-------------------------------------------------------
|     |     |  3  ❚     |  8  |     ❚  9  |     |     |
-------------------------------------------------------
|     |     |  6  ❚     |  5  |     ❚     |     |  3  |
=======================================================
|     |  6  |  1  ❚     |  3  |  4  ❚  8  |     |     |
-------------------------------------------------------
|  3  |     |     ❚     |  6  |  9  ❚  2  |     |  1  |
-------------------------------------------------------
|  7  |     |     ❚     |     |     ❚     |  3  |  6  |
-------------------------------------------------------"
`;
